Active code page: 65001

C:\Users\misogi\Desktop>mkdir git_challenge

C:\Users\misogi\Desktop>cd git_challenge

C:\Users\misogi\Desktop\git_challenge>git init
Initialized empty Git repository in C:/Users/misogi/Desktop/git_challenge/.git/

C:\Users\misogi\Desktop\git_challenge>echo "Hello_World" >> hello_world.txt

C:\Users\misogi\Desktop\git_challenge>git add .

C:\Users\misogi\Desktop\git_challenge>git commit -m "hello_world.txtを追記"
[main (root-commit) eb9ac11] hello_world.txtを追記
 1 file changed, 1 insertion(+)
 create mode 100644 hello_world.txt

C:\Users\misogi\Desktop\git_challenge>echo "こんにちわ、世界！" >> hello_world.txt

C:\Users\misogi\Desktop\git_challenge>git add .

C:\Users\misogi\Desktop\git_challenge>git commit -m "日本語約を追記"
[main 1fdd308] 日本語約を追記
 1 file changed, 1 insertion(+)

C:\Users\misogi\Desktop\git_challenge>git log --oneline
1fdd308 (HEAD -> main) 日本語約を追記
eb9ac11 hello_world.txtを追記


-使用コマンド-
chcp 65001
mkdir git_challenge
cd git_challenge
git init
echo "Hello_World" >> hello_world.txt
git add .
git commit -m "hello_world.txtを追記"
echo "こんにちわ、世界！" >> hello_world.txt
git add .
git commit -m "日本語約を追記"
git log --oneline